2026-08-09 12:40:19,081 - root - DEBUG - App started
2026-08-09 12:41:20,688 - PIL.Image - DEBUG - Importing AvifImagePlugin
2026-08-09 12:41:20,690 - PIL.Image - DEBUG - Importing BlpImagePlugin
2026-08-09 12:41:20,692 - PIL.Image - DEBUG - Importing BmpImagePlugin
2026-08-09 12:41:20,692 - PIL.Image - DEBUG - Importing BufrStubImagePlugin
2026-08-09 12:41:20,693 - PIL.Image - DEBUG - Importing CurImagePlugin
2026-08-09 12:41:20,694 - PIL.Image - DEBUG - Importing DcxImagePlugin
2026-08-09 12:41:20,696 - PIL.Image - DEBUG - Importing DdsImagePlugin
2026-08-09 12:41:20,704 - PIL.Image - DEBUG - Importing EpsImagePlugin
2026-08-09 12:41:20,705 - PIL.Image - DEBUG - Importing FitsImagePlugin
2026-08-09 12:41:20,706 - PIL.Image - DEBUG - Importing FliImagePlugin
2026-08-09 12:41:20,707 - PIL.Image - DEBUG - Importing FpxImagePlugin
2026-08-09 12:41:20,709 - PIL.Image - DEBUG - Image: failed to import FpxImagePlugin: No module named 'olefile'
2026-08-09 12:41:20,709 - PIL.Image - DEBUG - Importing FtexImagePlugin
2026-08-09 12:41:20,710 - PIL.Image - DEBUG - Importing GbrImagePlugin
2026-08-09 12:41:20,711 - PIL.Image - DEBUG - Importing GifImagePlugin
2026-08-09 12:41:20,711 - PIL.Image - DEBUG - Importing GribStubImagePlugin
2026-08-09 12:41:20,712 - PIL.Image - DEBUG - Importing Hdf5StubImagePlugin
2026-08-09 12:41:20,713 - PIL.Image - DEBUG - Importing IcnsImagePlugin
2026-08-09 12:41:20,716 - PIL.Image - DEBUG - Importing IcoImagePlugin
2026-08-09 12:41:20,717 - PIL.Image - DEBUG - Importing ImImagePlugin
2026-08-09 12:41:20,718 - PIL.Image - DEBUG - Importing ImtImagePlugin
2026-08-09 12:41:20,719 - PIL.Image - DEBUG - Importing IptcImagePlugin
2026-08-09 12:41:20,720 - PIL.Image - DEBUG - Importing JpegImagePlugin
2026-08-09 12:41:20,720 - PIL.Image - DEBUG - Importing Jpeg2KImagePlugin
2026-08-09 12:41:20,720 - PIL.Image - DEBUG - Importing McIdasImagePlugin
2026-08-09 12:41:20,721 - PIL.Image - DEBUG - Importing MicImagePlugin
2026-08-09 12:41:20,722 - PIL.Image - DEBUG - Image: failed to import MicImagePlugin: No module named 'olefile'
2026-08-09 12:41:20,722 - PIL.Image - DEBUG - Importing MpegImagePlugin
2026-08-09 12:41:20,723 - PIL.Image - DEBUG - Importing MpoImagePlugin
2026-08-09 12:41:20,730 - PIL.Image - DEBUG - Importing MspImagePlugin
2026-08-09 12:41:20,731 - PIL.Image - DEBUG - Importing PalmImagePlugin
2026-08-09 12:41:20,733 - PIL.Image - DEBUG - Importing PcdImagePlugin
2026-08-09 12:41:20,733 - PIL.Image - DEBUG - Importing PcxImagePlugin
2026-08-09 12:41:20,733 - PIL.Image - DEBUG - Importing PdfImagePlugin
2026-08-09 12:41:20,740 - PIL.Image - DEBUG - Importing PixarImagePlugin
2026-08-09 12:41:20,741 - PIL.Image - DEBUG - Importing PngImagePlugin
2026-08-09 12:41:20,741 - PIL.Image - DEBUG - Importing PpmImagePlugin
2026-08-09 12:41:20,741 - PIL.Image - DEBUG - Importing PsdImagePlugin
2026-08-09 12:41:20,742 - PIL.Image - DEBUG - Importing QoiImagePlugin
2026-08-09 12:41:20,743 - PIL.Image - DEBUG - Importing SgiImagePlugin
2026-08-09 12:41:20,743 - PIL.Image - DEBUG - Importing SpiderImagePlugin
2026-08-09 12:41:20,745 - PIL.Image - DEBUG - Importing SunImagePlugin
2026-08-09 12:41:20,745 - PIL.Image - DEBUG - Importing TgaImagePlugin
2026-08-09 12:41:20,746 - PIL.Image - DEBUG - Importing TiffImagePlugin
2026-08-09 12:41:20,746 - PIL.Image - DEBUG - Importing WebPImagePlugin
2026-08-09 12:41:20,748 - PIL.Image - DEBUG - Importing WmfImagePlugin
2026-08-09 12:41:20,749 - PIL.Image - DEBUG - Importing XbmImagePlugin
2026-08-09 12:41:20,751 - PIL.Image - DEBUG - Importing XpmImagePlugin
2026-08-09 12:41:20,752 - PIL.Image - DEBUG - Importing XVThumbImagePlugin
2026-08-09 12:41:20,753 - PIL.TiffImagePlugin - DEBUG - *** TiffImageFile._open ***
2026-08-09 12:41:20,753 - PIL.TiffImagePlugin - DEBUG - - __first: 8
2026-08-09 12:41:20,754 - PIL.TiffImagePlugin - DEBUG - - ifh: b'II*\x00\x08\x00\x00\x00'
2026-08-09 12:41:20,754 - PIL.TiffImagePlugin - DEBUG - Seeking to frame 0, on frame -1, __next 8, location: 8
2026-08-09 12:41:20,754 - PIL.TiffImagePlugin - DEBUG - Loading tags, location: 8
2026-08-09 12:41:20,754 - PIL.TiffImagePlugin - DEBUG - tag: ImageWidth (256) - type: short (3) - value: b'\xdf-'
2026-08-09 12:41:20,754 - PIL.TiffImagePlugin - DEBUG - tag: ImageLength (257) - type: short (3) - value: b'\xdd\x1c'
2026-08-09 12:41:20,754 - PIL.TiffImagePlugin - DEBUG - tag: BitsPerSample (258) - type: short (3) Tag Location: 46 - Data Location: 206 - value: b'\x08\x00\x08\x00\x08\x00'
2026-08-09 12:41:20,754 - PIL.TiffImagePlugin - DEBUG - tag: Compression (259) - type: short (3) - value: b'\x01\x00'
2026-08-09 12:41:20,754 - PIL.TiffImagePlugin - DEBUG - tag: PhotometricInterpretation (262) - type: short (3) - value: b'\x02\x00'
2026-08-09 12:41:20,754 - PIL.TiffImagePlugin - DEBUG - tag: StripOffsets (273) - type: long (4) Tag Location: 82 - Data Location: 14990 - value: <table: 29556 bytes>
2026-08-09 12:41:20,754 - PIL.TiffImagePlugin - DEBUG - tag: SamplesPerPixel (277) - type: short (3) - value: b'\x03\x00'
2026-08-09 12:41:20,754 - PIL.TiffImagePlugin - DEBUG - tag: RowsPerStrip (278) - type: short (3) - value: b'\x01\x00'
2026-08-09 12:41:20,754 - PIL.TiffImagePlugin - DEBUG - tag: StripByteCounts (279) - type: short (3) Tag Location: 118 - Data Location: 212 - value: <table: 14778 bytes>
2026-08-09 12:41:20,754 - PIL.TiffImagePlugin - DEBUG - tag: PlanarConfiguration (284) - type: short (3) - value: b'\x01\x00'
2026-08-09 12:41:20,755 - PIL.TiffImagePlugin - DEBUG - tag: SampleFormat (339) - type: short (3) Tag Location: 142 - Data Location: 44546 - value: b'\x01\x00\x01\x00\x01\x00'
2026-08-09 12:41:20,755 - PIL.TiffImagePlugin - DEBUG - tag: ModelPixelScaleTag (33550) - type: double (12) Tag Location: 154 - Data Location: 44552 - value: b'\xb7\x9a\x99\x99\x99\x99\xb9?\xcb\xa7\x99\x99\x99\x99\xb9?\x00\x00\x00\x00\x00\x00\x00\x00'
2026-08-09 12:41:20,755 - PIL.TiffImagePlugin - DEBUG - tag: ModelTiepointTag (33922) - type: double (12) Tag Location: 166 - Data Location: 44576 - value: <table: 48 bytes>
2026-08-09 12:41:20,755 - PIL.TiffImagePlugin - DEBUG - tag: GeoKeyDirectoryTag (34735) - type: short (3) Tag Location: 178 - Data Location: 44624 - value: <table: 96 bytes>
2026-08-09 12:41:20,755 - PIL.TiffImagePlugin - DEBUG - tag: GeoDoubleParamsTag (34736) - type: double (12) Tag Location: 190 - Data Location: 44720 - value: b'\xa8\xf9\xeb\x94\x1d\xa4r@\x00\x00\x00@\xa6TXA'
2026-08-09 12:41:20,755 - PIL.TiffImagePlugin - DEBUG - tag: GeoAsciiParamsTag (34737) - type: string (2) Tag Location: 202 - Data Location: 44736 - value: b'ETRF_1989_UTM_Zone_30N|ETRF89|\x00'
2026-08-09 12:41:20,755 - PIL.TiffImagePlugin - DEBUG - tag: ImageWidth (256) - type: short (3) - value: b'\xdf-'
2026-08-09 12:41:20,755 - PIL.TiffImagePlugin - DEBUG - tag: ImageLength (257) - type: short (3) - value: b'\xdd\x1c'
2026-08-09 12:41:20,755 - PIL.TiffImagePlugin - DEBUG - tag: BitsPerSample (258) - type: short (3) Tag Location: 46 - Data Location: 206 - value: b'\x08\x00\x08\x00\x08\x00'
2026-08-09 12:41:20,755 - PIL.TiffImagePlugin - DEBUG - tag: Compression (259) - type: short (3) - value: b'\x01\x00'
2026-08-09 12:41:20,755 - PIL.TiffImagePlugin - DEBUG - tag: PhotometricInterpretation (262) - type: short (3) - value: b'\x02\x00'
2026-08-09 12:41:20,755 - PIL.TiffImagePlugin - DEBUG - tag: StripOffsets (273) - type: long (4) Tag Location: 82 - Data Location: 14990 - value: <table: 29556 bytes>
2026-08-09 12:41:20,755 - PIL.TiffImagePlugin - DEBUG - tag: SamplesPerPixel (277) - type: short (3) - value: b'\x03\x00'
2026-08-09 12:41:20,755 - PIL.TiffImagePlugin - DEBUG - tag: RowsPerStrip (278) - type: short (3) - value: b'\x01\x00'
2026-08-09 12:41:20,755 - PIL.TiffImagePlugin - DEBUG - tag: StripByteCounts (279) - type: short (3) Tag Location: 118 - Data Location: 212 - value: <table: 14778 bytes>
2026-08-09 12:41:20,755 - PIL.TiffImagePlugin - DEBUG - tag: PlanarConfiguration (284) - type: short (3) - value: b'\x01\x00'
2026-08-09 12:41:20,756 - PIL.TiffImagePlugin - DEBUG - tag: SampleFormat (339) - type: short (3) Tag Location: 142 - Data Location: 44546 - value: b'\x01\x00\x01\x00\x01\x00'
2026-08-09 12:41:20,756 - PIL.TiffImagePlugin - DEBUG - tag: ModelPixelScaleTag (33550) - type: double (12) Tag Location: 154 - Data Location: 44552 - value: b'\xb7\x9a\x99\x99\x99\x99\xb9?\xcb\xa7\x99\x99\x99\x99\xb9?\x00\x00\x00\x00\x00\x00\x00\x00'
2026-08-09 12:41:20,756 - PIL.TiffImagePlugin - DEBUG - tag: ModelTiepointTag (33922) - type: double (12) Tag Location: 166 - Data Location: 44576 - value: <table: 48 bytes>
2026-08-09 12:41:20,756 - PIL.TiffImagePlugin - DEBUG - tag: GeoKeyDirectoryTag (34735) - type: short (3) Tag Location: 178 - Data Location: 44624 - value: <table: 96 bytes>
2026-08-09 12:41:20,756 - PIL.TiffImagePlugin - DEBUG - tag: GeoDoubleParamsTag (34736) - type: double (12) Tag Location: 190 - Data Location: 44720 - value: b'\xa8\xf9\xeb\x94\x1d\xa4r@\x00\x00\x00@\xa6TXA'
2026-08-09 12:41:20,756 - PIL.TiffImagePlugin - DEBUG - tag: GeoAsciiParamsTag (34737) - type: string (2) Tag Location: 202 - Data Location: 44736 - value: b'ETRF_1989_UTM_Zone_30N|ETRF89|\x00'
2026-08-09 12:41:20,756 - PIL.TiffImagePlugin - DEBUG - *** Summary ***
2026-08-09 12:41:20,756 - PIL.TiffImagePlugin - DEBUG - - compression: raw
2026-08-09 12:41:20,756 - PIL.TiffImagePlugin - DEBUG - - photometric_interpretation: 2
2026-08-09 12:41:20,756 - PIL.TiffImagePlugin - DEBUG - - planar_configuration: 1
2026-08-09 12:41:20,756 - PIL.TiffImagePlugin - DEBUG - - fill_order: 1
2026-08-09 12:41:20,756 - PIL.TiffImagePlugin - DEBUG - - YCbCr subsampling: None
2026-08-09 12:41:20,756 - PIL.TiffImagePlugin - DEBUG - - size: (11743, 7389)
2026-08-09 12:41:20,757 - PIL.TiffImagePlugin - DEBUG - format key: (b'II', 2, (1,), 1, (8, 8, 8), ())
2026-08-09 12:41:20,757 - PIL.TiffImagePlugin - DEBUG - - raw mode: RGB
2026-08-09 12:41:20,757 - PIL.TiffImagePlugin - DEBUG - - pil mode: RGB
2026-08-09 12:41:21,072 - PIL.TiffImagePlugin - DEBUG - tag: ImageWidth (256) - type: short (3) - value: b'\xdf-'
2026-08-09 12:41:21,073 - PIL.TiffImagePlugin - DEBUG - tag: ImageLength (257) - type: short (3) - value: b'\xdd\x1c'
2026-08-09 12:41:21,073 - PIL.TiffImagePlugin - DEBUG - tag: BitsPerSample (258) - type: short (3) Tag Location: 46 - Data Location: 206 - value: b'\x08\x00\x08\x00\x08\x00'
2026-08-09 12:41:21,073 - PIL.TiffImagePlugin - DEBUG - tag: Compression (259) - type: short (3) - value: b'\x01\x00'
2026-08-09 12:41:21,073 - PIL.TiffImagePlugin - DEBUG - tag: PhotometricInterpretation (262) - type: short (3) - value: b'\x02\x00'
2026-08-09 12:41:21,073 - PIL.TiffImagePlugin - DEBUG - tag: StripOffsets (273) - type: long (4) Tag Location: 82 - Data Location: 14990 - value: <table: 29556 bytes>
2026-08-09 12:41:21,073 - PIL.TiffImagePlugin - DEBUG - tag: SamplesPerPixel (277) - type: short (3) - value: b'\x03\x00'
2026-08-09 12:41:21,073 - PIL.TiffImagePlugin - DEBUG - tag: RowsPerStrip (278) - type: short (3) - value: b'\x01\x00'
2026-08-09 12:41:21,073 - PIL.TiffImagePlugin - DEBUG - tag: StripByteCounts (279) - type: short (3) Tag Location: 118 - Data Location: 212 - value: <table: 14778 bytes>
2026-08-09 12:41:21,073 - PIL.TiffImagePlugin - DEBUG - tag: PlanarConfiguration (284) - type: short (3) - value: b'\x01\x00'
2026-08-09 12:41:21,073 - PIL.TiffImagePlugin - DEBUG - tag: SampleFormat (339) - type: short (3) Tag Location: 142 - Data Location: 44546 - value: b'\x01\x00\x01\x00\x01\x00'
2026-08-09 12:41:21,073 - PIL.TiffImagePlugin - DEBUG - tag: ModelPixelScaleTag (33550) - type: double (12) Tag Location: 154 - Data Location: 44552 - value: b'\xb7\x9a\x99\x99\x99\x99\xb9?\xcb\xa7\x99\x99\x99\x99\xb9?\x00\x00\x00\x00\x00\x00\x00\x00'
2026-08-09 12:41:21,073 - PIL.TiffImagePlugin - DEBUG - tag: ModelTiepointTag (33922) - type: double (12) Tag Location: 166 - Data Location: 44576 - value: <table: 48 bytes>
2026-08-09 12:41:21,073 - PIL.TiffImagePlugin - DEBUG - tag: GeoKeyDirectoryTag (34735) - type: short (3) Tag Location: 178 - Data Location: 44624 - value: <table: 96 bytes>
2026-08-09 12:41:21,073 - PIL.TiffImagePlugin - DEBUG - tag: GeoDoubleParamsTag (34736) - type: double (12) Tag Location: 190 - Data Location: 44720 - value: b'\xa8\xf9\xeb\x94\x1d\xa4r@\x00\x00\x00@\xa6TXA'
2026-08-09 12:41:21,074 - PIL.TiffImagePlugin - DEBUG - tag: GeoAsciiParamsTag (34737) - type: string (2) Tag Location: 202 - Data Location: 44736 - value: b'ETRF_1989_UTM_Zone_30N|ETRF89|\x00'
